Archive member included because of file (symbol)

c:/ac6/systemworkbench/plugins/fr.ac6.mcu.externaltools.arm-none.win32_1.3.0.201507241045/tools/compiler/bin/../lib/gcc/arm-none-eabi/4.9.3/../../../../arm-none-eabi/lib/armv7-m\libc.a(lib_a-errno.o)
                              src/syscalls.o (__errno)
c:/ac6/systemworkbench/plugins/fr.ac6.mcu.externaltools.arm-none.win32_1.3.0.201507241045/tools/compiler/bin/../lib/gcc/arm-none-eabi/4.9.3/../../../../arm-none-eabi/lib/armv7-m\libc.a(lib_a-exit.o)
                              c:/ac6/systemworkbench/plugins/fr.ac6.mcu.externaltools.arm-none.win32_1.3.0.201507241045/tools/compiler/bin/../lib/gcc/arm-none-eabi/4.9.3/../../../../arm-none-eabi/lib/armv7-m/crt0.o (exit)
c:/ac6/systemworkbench/plugins/fr.ac6.mcu.externaltools.arm-none.win32_1.3.0.201507241045/tools/compiler/bin/../lib/gcc/arm-none-eabi/4.9.3/../../../../arm-none-eabi/lib/armv7-m\libc.a(lib_a-impure.o)
                              c:/ac6/systemworkbench/plugins/fr.ac6.mcu.externaltools.arm-none.win32_1.3.0.201507241045/tools/compiler/bin/../lib/gcc/arm-none-eabi/4.9.3/../../../../arm-none-eabi/lib/armv7-m\libc.a(lib_a-exit.o) (_global_impure_ptr)
c:/ac6/systemworkbench/plugins/fr.ac6.mcu.externaltools.arm-none.win32_1.3.0.201507241045/tools/compiler/bin/../lib/gcc/arm-none-eabi/4.9.3/../../../../arm-none-eabi/lib/armv7-m\libc.a(lib_a-init.o)
                              c:/ac6/systemworkbench/plugins/fr.ac6.mcu.externaltools.arm-none.win32_1.3.0.201507241045/tools/compiler/bin/../lib/gcc/arm-none-eabi/4.9.3/../../../../arm-none-eabi/lib/armv7-m/crt0.o (__libc_init_array)
c:/ac6/systemworkbench/plugins/fr.ac6.mcu.externaltools.arm-none.win32_1.3.0.201507241045/tools/compiler/bin/../lib/gcc/arm-none-eabi/4.9.3/../../../../arm-none-eabi/lib/armv7-m\libc.a(lib_a-memset.o)
                              c:/ac6/systemworkbench/plugins/fr.ac6.mcu.externaltools.arm-none.win32_1.3.0.201507241045/tools/compiler/bin/../lib/gcc/arm-none-eabi/4.9.3/../../../../arm-none-eabi/lib/armv7-m/crt0.o (memset)
c:/ac6/systemworkbench/plugins/fr.ac6.mcu.externaltools.arm-none.win32_1.3.0.201507241045/tools/compiler/bin/../lib/gcc/arm-none-eabi/4.9.3/../../../../arm-none-eabi/lib/armv7-m\libc.a(lib_a-sprintf.o)
                              src/stm32f1xx_it.o (sprintf)
c:/ac6/systemworkbench/plugins/fr.ac6.mcu.externaltools.arm-none.win32_1.3.0.201507241045/tools/compiler/bin/../lib/gcc/arm-none-eabi/4.9.3/../../../../arm-none-eabi/lib/armv7-m\libc.a(lib_a-strcmp.o)
                              src/main.o (strcmp)
c:/ac6/systemworkbench/plugins/fr.ac6.mcu.externaltools.arm-none.win32_1.3.0.201507241045/tools/compiler/bin/../lib/gcc/arm-none-eabi/4.9.3/../../../../arm-none-eabi/lib/armv7-m\libc.a(lib_a-strstr.o)
                              src/main.o (strstr)
c:/ac6/systemworkbench/plugins/fr.ac6.mcu.externaltools.arm-none.win32_1.3.0.201507241045/tools/compiler/bin/../lib/gcc/arm-none-eabi/4.9.3/../../../../arm-none-eabi/lib/armv7-m\libc.a(lib_a-svfprintf.o)
                              c:/ac6/systemworkbench/plugins/fr.ac6.mcu.externaltools.arm-none.win32_1.3.0.201507241045/tools/compiler/bin/../lib/gcc/arm-none-eabi/4.9.3/../../../../arm-none-eabi/lib/armv7-m\libc.a(lib_a-sprintf.o) (_svfprintf_r)
c:/ac6/systemworkbench/plugins/fr.ac6.mcu.externaltools.arm-none.win32_1.3.0.201507241045/tools/compiler/bin/../lib/gcc/arm-none-eabi/4.9.3/../../../../arm-none-eabi/lib/armv7-m\libc.a(lib_a-__call_atexit.o)
                              c:/ac6/systemworkbench/plugins/fr.ac6.mcu.externaltools.arm-none.win32_1.3.0.201507241045/tools/compiler/bin/../lib/gcc/arm-none-eabi/4.9.3/../../../../arm-none-eabi/lib/armv7-m\libc.a(lib_a-exit.o) (__call_exitprocs)
c:/ac6/systemworkbench/plugins/fr.ac6.mcu.externaltools.arm-none.win32_1.3.0.201507241045/tools/compiler/bin/../lib/gcc/arm-none-eabi/4.9.3/../../../../arm-none-eabi/lib/armv7-m\libc.a(lib_a-atexit.o)
                              c:/ac6/systemworkbench/plugins/fr.ac6.mcu.externaltools.arm-none.win32_1.3.0.201507241045/tools/compiler/bin/../lib/gcc/arm-none-eabi/4.9.3/../../../../arm-none-eabi/lib/armv7-m\libc.a(lib_a-__call_atexit.o) (atexit)
c:/ac6/systemworkbench/plugins/fr.ac6.mcu.externaltools.arm-none.win32_1.3.0.201507241045/tools/compiler/bin/../lib/gcc/arm-none-eabi/4.9.3/../../../../arm-none-eabi/lib/armv7-m\libc.a(lib_a-dtoa.o)
                              c:/ac6/systemworkbench/plugins/fr.ac6.mcu.externaltools.arm-none.win32_1.3.0.201507241045/tools/compiler/bin/../lib/gcc/arm-none-eabi/4.9.3/../../../../arm-none-eabi/lib/armv7-m\libc.a(lib_a-svfprintf.o) (_dtoa_r)
c:/ac6/systemworkbench/plugins/fr.ac6.mcu.externaltools.arm-none.win32_1.3.0.201507241045/tools/compiler/bin/../lib/gcc/arm-none-eabi/4.9.3/../../../../arm-none-eabi/lib/armv7-m\libc.a(lib_a-fini.o)
[...]
Memory Configuration

Name             Origin             Length             Attributes
FLASH            0x08000000         0x00020000         xr
RAM              0x20000000         0x00005000         xrw
MEMORY_B1        0x60000000         0x00000000         xr
*default*        0x00000000         0xffffffff

Linker script and memory map

LOAD c:/ac6/systemworkbench/plugins/fr.ac6.mcu.externaltools.arm-none.win32_1.3.0.201507241045/tools/compiler/bin/../lib/gcc/arm-none-eabi/4.9.3/armv7-m/crti.o
LOAD c:/ac6/systemworkbench/plugins/fr.ac6.mcu.externaltools.arm-none.win32_1.3.0.201507241045/tools/compiler/bin/../lib/gcc/arm-none-eabi/4.9.3/armv7-m/crtbegin.o
LOAD c:/ac6/systemworkbench/plugins/fr.ac6.mcu.externaltools.arm-none.win32_1.3.0.201507241045/tools/compiler/bin/../lib/gcc/arm-none-eabi/4.9.3/../../../../arm-none-eabi/lib/armv7-m/crt0.o
LOAD c:/ac6/systemworkbench/plugins/fr.ac6.mcu.externaltools.arm-none.win32_1.3.0.201507241045/tools/compiler/bin/../lib/gcc/arm-none-eabi/4.9.3/../../../../arm-none-eabi/lib/armv7-m\libm.a
LOAD startup/startup_stm32f10x_md.o
LOAD src/main.o
LOAD src/stm32f1xx_it.o
LOAD src/syscalls.o
LOAD src/system_stm32f10x.o
LOAD Utilities/STM32F1xx-Nucleo/stm32f1xx_nucleo.o
LOAD StdPeriph_Driver/src/misc.o
LOAD StdPeriph_Driver/src/stm32f10x_adc.o
LOAD StdPeriph_Driver/src/stm32f10x_bkp.o
LOAD StdPeriph_Driver/src/stm32f10x_can.o
LOAD StdPeriph_Driver/src/stm32f10x_cec.o
LOAD StdPeriph_Driver/src/stm32f10x_crc.o
LOAD StdPeriph_Driver/src/stm32f10x_dac.o
LOAD StdPeriph_Driver/src/stm32f10x_dbgmcu.o
LOAD StdPeriph_Driver/src/stm32f10x_dma.o
LOAD StdPeriph_Driver/src/stm32f10x_exti.o
LOAD StdPeriph_Driver/src/stm32f10x_flash.o
LOAD StdPeriph_Driver/src/stm32f10x_fsmc.o
LOAD StdPeriph_Driver/src/stm32f10x_gpio.o
LOAD StdPeriph_Driver/src/stm32f10x_i2c.o
LOAD StdPeriph_Driver/src/stm32f10x_iwdg.o
LOAD StdPeriph_Driver/src/stm32f10x_pwr.o
LOAD StdPeriph_Driver/src/stm32f10x_rcc.o
LOAD StdPeriph_Driver/src/stm32f10x_rtc.o
LOAD StdPeriph_Driver/src/stm32f10x_sdio.o
LOAD StdPeriph_Driver/src/stm32f10x_spi.o
LOAD StdPeriph_Driver/src/stm32f10x_tim.o
LOAD StdPeriph_Driver/src/stm32f10x_usart.o
LOAD StdPeriph_Driver/src/stm32f10x_wwdg.o
START GROUP
LOAD c:/ac6/systemworkbench/plugins/fr.ac6.mcu.externaltools.arm-none.win32_1.3.0.201507241045/tools/compiler/bin/../lib/gcc/arm-none-eabi/4.9.3/armv7-m\libgcc.a
LOAD c:/ac6/systemworkbench/plugins/fr.ac6.mcu.externaltools.arm-none.win32_1.3.0.201507241045/tools/compiler/bin/../lib/gcc/arm-none-eabi/4.9.3/../../../../arm-none-eabi/lib/armv7-m\libc.a
END GROUP
LOAD c:/ac6/systemworkbench/plugins/fr.ac6.mcu.externaltools.arm-none.win32_1.3.0.201507241045/tools/compiler/bin/../lib/gcc/arm-none-eabi/4.9.3/armv7-m/crtend.o
LOAD c:/ac6/systemworkbench/plugins/fr.ac6.mcu.externaltools.arm-none.win32_1.3.0.201507241045/tools/compiler/bin/../lib/gcc/arm-none-eabi/4.9.3/armv7-m/crtn.o
                0x20005000                _estack = 0x20005000
                0x00000000                _Min_Heap_Size = 0x0
                0x00000100                _Min_Stack_Size = 0x100

.isr_vector     0x08000000      0x10c
                0x08000000                . = ALIGN (0x4)
 *(.isr_vector)
 .isr_vector    0x08000000      0x10c startup/startup_stm32f10x_md.o
                0x08000000                g_pfnVectors
                0x0800010c                . = ALIGN (0x4)

.text           0x08000110     0x77cc
                0x08000110                . = ALIGN (0x4)
 *(.text)
 .text          0x08000110       0x5c c:/ac6/systemworkbench/plugins/fr.ac6.mcu.externaltools.arm-none.win32_1.3.0.201507241045/tools/compiler/bin/../lib/gcc/arm-none-eabi/4.9.3/armv7-m/crtbegin.o
 .text          0x0800016c      0x1bc c:/ac6/systemworkbench/plugins/fr.ac6.mcu.externaltools.arm-none.win32_1.3.0.201507241045/tools/compiler/bin/../lib/gcc/arm-none-eabi/4.9.3/../../../../arm-none-eabi/lib/armv7-m\libc.a(lib_a-strcmp.o)
                0x0800016c                strcmp
 .text          0x08000328       0xec c:/ac6/systemworkbench/plugins/fr.ac6.mcu.externaltools.arm-none.win32_1.3.0.201507241045/tools/compiler/bin/../lib/gcc/arm-none-eabi/4.9.3/../../../../arm-none-eabi/lib/armv7-m\libc.a(lib_a-memcpy.o)
                0x08000328                memcpy
 .text          0x08000414      0x370 c:/ac6/systemworkbench/plugins/fr.ac6.mcu.externaltools.arm-none.win32_1.3.0.201507241045/tools/compiler/bin/../lib/gcc/arm-none-eabi/4.9.3/armv7-m\libgcc.a(_arm_addsubdf3.o)
                0x08000414                __aeabi_drsub
                0x0800041c                __aeabi_dsub
                0x0800041c                __subdf3
                0x08000420                __aeabi_dadd
                0x08000420                __adddf3
                0x08000698                __floatunsidf
                0x08000698                __aeabi_ui2d
                0x080006b8                __floatsidf
                0x080006b8                __aeabi_i2d
                0x080006dc                __aeabi_f2d
                0x080006dc                __extendsfdf2
                0x08000718                __floatundidf
                0x08000718                __aeabi_ul2d
                0x08000728                __floatdidf
                0x08000728                __aeabi_l2d
 .text          0x08000784      0x424 c:/ac6/systemworkbench/plugins/fr.ac6.mcu.externaltools.arm-none.win32_1.3.0.201507241045/tools/compiler/bin/../lib/gcc/arm-none-eabi/4.9.3/armv7-m\libgcc.a(_arm_muldivdf3.o)
                0x08000784                __aeabi_dmul
                0x08000784                __muldf3
                0x080009d8                __divdf3
                0x080009d8                __aeabi_ddiv
 .text          0x08000ba8      0x110 c:/ac6/systemworkbench/plugins/fr.ac6.mcu.externaltools.arm-none.win32_1.3.0.201507241045/tools/compiler/bin/../lib/gcc/arm-none-eabi/4.9.3/armv7-m\libgcc.a(_arm_cmpdf2.o)
                0x08000ba8                __gtdf2
                0x08000ba8                __gedf2
                0x08000bb0                __ltdf2
                0x08000bb0                __ledf2
                0x08000bb8                __nedf2
                0x08000bb8                __eqdf2
                0x08000bb8                __cmpdf2
                0x08000c34                __aeabi_cdrcmple
                0x08000c44                __aeabi_cdcmpeq
                0x08000c44                __aeabi_cdcmple
                0x08000c54                __aeabi_dcmpeq
                0x08000c68                __aeabi_dcmplt
                0x08000c7c                __aeabi_dcmple
                0x08000c90                __aeabi_dcmpge
                0x08000ca4                __aeabi_dcmpgt
 .text          0x08000cb8       0x50 c:/ac6/systemworkbench/plugins/fr.ac6.mcu.externaltools.arm-none.win32_1.3.0.201507241045/tools/compiler/bin/../lib/gcc/arm-none-eabi/4.9.3/armv7-m\libgcc.a(_arm_fixdfsi.o)
                0x08000cb8                __aeabi_d2iz
                0x08000cb8                __fixdfsi
 .text          0x08000d08       0x30 c:/ac6/systemworkbench/plugins/fr.ac6.mcu.externaltools.arm-none.win32_1.3.0.201507241045/tools/compiler/bin/../lib/gcc/arm-none-eabi/4.9.3/armv7-m\libgcc.a(_aeabi_uldivmod.o)
                0x08000d08                __aeabi_uldivmod
 .text          0x08000d38       0x60 c:/ac6/systemworkbench/plugins/fr.ac6.mcu.externaltools.arm-none.win32_1.3.0.201507241045/tools/compiler/bin/../lib/gcc/arm-none-eabi/4.9.3/armv7-m\libgcc.a(bpabi.o)
                0x08000d38                __gnu_ldivmod_helper
                0x08000d68                __gnu_uldivmod_helper
 .text          0x08000d98        0x4 c:/ac6/systemworkbench/plugins/fr.ac6.mcu.externaltools.arm-none.win32_1.3.0.201507241045/tools/compiler/bin/../lib/gcc/arm-none-eabi/4.9.3/armv7-m\libgcc.a(_dvmd_tls.o)
                0x08000d98                __aeabi_idiv0
                0x08000d98                __aeabi_ldiv0
 .text          0x08000d9c      0x2ac c:/ac6/systemworkbench/plugins/fr.ac6.mcu.externaltools.arm-none.win32_1.3.0.201507241045/tools/compiler/bin/../lib/gcc/arm-none-eabi/4.9.3/armv7-m\libgcc.a(_divdi3.o)
                0x08000d9c                __divdi3
 .text          0x08001048      0x270 c:/ac6/systemworkbench/plugins/fr.ac6.mcu.externaltools.arm-none.win32_1.3.0.201507241045/tools/compiler/bin/../lib/gcc/arm-none-eabi/4.9.3/armv7-m\libgcc.a(_udivdi3.o)
                0x08001048                __udivdi3
 *(.text*)
 .text.Reset_Handler
                0x080012b8       0x48 startup/startup_stm32f10x_md.o
                0x080012b8                Reset_Handler
 .text.Default_Handler
                0x08001300        0x2 startup/startup_stm32f10x_md.o
                0x08001300                EXTI2_IRQHandler
                0x08001300                DebugMon_Handler
                0x08001300                TIM1_CC_IRQHandler
                0x08001300                HardFault_Handler
                0x08001300                PVD_IRQHandler
                0x08001300                PendSV_Handler
                0x08001300                NMI_Handler
                0x08001300                EXTI3_IRQHandler
                0x08001300                EXTI0_IRQHandler
                0x08001300                I2C2_EV_IRQHandler
                0x08001300                UsageFault_Handler
                0x08001300                ADC1_2_IRQHandler
                0x08001300                SPI1_IRQHandler
                0x08001300                TAMPER_IRQHandler
                0x08001300                DMA1_Channel4_IRQHandler
                0x08001300                USART3_IRQHandler
                0x08001300                RTC_IRQHandler
                0x08001300                DMA1_Channel7_IRQHandler
                0x08001300                CAN1_RX1_IRQHandler
                0x08001300                TIM4_IRQHandler
                0x08001300                I2C1_EV_IRQHandler
                0x08001300                DMA1_Channel6_IRQHandler
                0x08001300                TIM3_IRQHandler
                0x08001300                RCC_IRQHandler
                0x08001300                TIM1_TRG_COM_IRQHandler
                0x08001300                DMA1_Channel1_IRQHandler
                0x08001300                Default_Handler
                0x08001300                EXTI15_10_IRQHandler
                0x08001300                EXTI9_5_IRQHandler
                0x08001300                SPI2_IRQHandler
                0x08001300                MemManage_Handler
                0x08001300                SVC_Handler
                0x08001300                DMA1_Channel5_IRQHandler
                0x08001300                EXTI4_IRQHandler
                0x08001300                USB_LP_CAN1_RX0_IRQHandler
                0x08001300                USB_HP_CAN1_TX_IRQHandler
                0x08001300                DMA1_Channel3_IRQHandler
                0x08001300                WWDG_IRQHandler
                0x08001300                TIM2_IRQHandler
                0x08001300                TIM1_BRK_IRQHandler
                0x08001300                EXTI1_IRQHandler
                0x08001300                RTCAlarm_IRQHandler
                0x08001300                I2C2_ER_IRQHandler
                0x08001300                DMA1_Channel2_IRQHandler
                0x08001300                CAN1_SCE_IRQHandler
                0x08001300                FLASH_IRQHandler
                0x08001300                BusFault_Handler
                0x08001300                USART1_IRQHandler
                0x08001300                I2C1_ER_IRQHandler
                0x08001300                USBWakeUp_IRQHandler
 *fill*         0x08001302        0x2 
 .text.NVIC_SetPriority
                0x08001304       0x54 src/main.o
 .text.SysTick_Config
                0x08001358       0x44 src/main.o
 .text.initGPIO
                0x0800139c      0x1ac src/main.o
                0x0800139c                initGPIO
 .text.NVIC_Configuration
                0x08001548       0x44 src/main.o
                0x08001548                NVIC_Configuration
 .text.sendString
                0x0800158c       0x58 src/main.o
                0x0800158c                sendString
 .text.info     0x080015e4       0x10 src/main.o
                0x080015e4                info
 .text.returnTime
                0x080015f4       0x54 src/main.o
                0x080015f4                returnTime
 .text.validateInputNumber
                0x08001648      0x14c src/main.o
                0x08001648                validateInputNumber
 .text.validateCommand
                0x08001794      0x224 src/main.o
                0x08001794                validateCommand
 .text.main     0x080019b8       0xd4 src/main.o
                0x080019b8                main
 .text.USART2_IRQHandler
                0x08001a8c       0xb4 src/stm32f1xx_it.o
                0x08001a8c                USART2_IRQHandler
 .text.resetSegments
                0x08001b40       0x58 src/stm32f1xx_it.o
                0x08001b40                resetSegments
 .text.Display0
                0x08001b98       0x7c src/stm32f1xx_it.o
                0x08001b98                Display0
 .text.Display1
                0x08001c14       0x7c src/stm32f1xx_it.o
                0x08001c14                Display1
 .text.Display2
                0x08001c90       0x7c src/stm32f1xx_it.o
                0x08001c90                Display2
 .text.Display3
                0x08001d0c       0x7c src/stm32f1xx_it.o
                0x08001d0c                Display3
 .text.Display4
                0x08001d88       0x7c src/stm32f1xx_it.o
                0x08001d88                Display4
 .text.Display5
                0x08001e04       0x7c src/stm32f1xx_it.o
                0x08001e04                Display5
 .text.Display6
                0x08001e80       0x7c src/stm32f1xx_it.o
                0x08001e80                Display6
 .text.Display7
                0x08001efc       0x7c src/stm32f1xx_it.o
                0x08001efc                Display7
 .text.Display8
                0x08001f78       0x7c src/stm32f1xx_it.o
                0x08001f78                Display8
 .text.Display9
                0x08001ff4       0x7c src/stm32f1xx_it.o
                0x08001ff4                Display9
 .text.DisplayE
                0x08002070       0x7c src/stm32f1xx_it.o
                0x08002070                DisplayE
 .text.DisplayR
                0x080020ec       0x7c src/stm32f1xx_it.o
                0x080020ec                DisplayR
 .text.DisplayDot
                0x08002168       0x78 src/stm32f1xx_it.o
                0x08002168                DisplayDot
 .text.DisplayNumber
                0x080021e0      0x3a0 src/stm32f1xx_it.o
                0x080021e0                DisplayNumber
 .text.SysTick_Handler
                0x08002580      0x230 src/stm32f1xx_it.o
                0x08002580                SysTick_Handler
 .text.TIM1_UP_IRQHandler
                0x080027b0      0x3f8 src/stm32f1xx_it.o
                0x080027b0                TIM1_UP_IRQHandler
 .text._sbrk    0x08002ba8       0x58 src/syscalls.o
                0x08002ba8                _sbrk
 .text.SystemInit
                0x08002c00       0x68 src/system_stm32f10x.o
                0x08002c00                SystemInit
 .text.SetSysClock
                0x08002c68       0xb8 src/system_stm32f10x.o
 .text.NVIC_PriorityGroupConfig
                0x08002d20       0x24 StdPeriph_Driver/src/misc.o
                0x08002d20                NVIC_PriorityGroupConfig
 .text.NVIC_Init
                0x08002d44       0xc4 StdPeriph_Driver/src/misc.o
                0x08002d44                NVIC_Init
 .text.GPIO_Init
                0x08002e08      0x180 StdPeriph_Driver/src/stm32f10x_gpio.o
                0x08002e08                GPIO_Init
 .text.GPIO_StructInit
                0x08002f88       0x28 StdPeriph_Driver/src/stm32f10x_gpio.o
                0x08002f88                GPIO_StructInit
 .text.GPIO_ReadInputDataBit
                0x08002fb0       0x34 StdPeriph_Driver/src/stm32f10x_gpio.o
                0x08002fb0                GPIO_ReadInputDataBit
 .text.GPIO_SetBits
                0x08002fe4       0x1c StdPeriph_Driver/src/stm32f10x_gpio.o
                0x08002fe4                GPIO_SetBits
 .text.GPIO_ResetBits
                0x08003000       0x1c StdPeriph_Driver/src/stm32f10x_gpio.o
                0x08003000                GPIO_ResetBits
 .text.RCC_GetClocksFreq
                0x0800301c      0x164 StdPeriph_Driver/src/stm32f10x_rcc.o
                0x0800301c                RCC_GetClocksFreq
 .text.RCC_APB2PeriphClockCmd
                0x08003180       0x3c StdPeriph_Driver/src/stm32f10x_rcc.o
                0x08003180                RCC_APB2PeriphClockCmd
 .text.RCC_APB1PeriphClockCmd
                0x080031bc       0x3c StdPeriph_Driver/src/stm32f10x_rcc.o
                0x080031bc                RCC_APB1PeriphClockCmd
 .text.TIM_TimeBaseInit
                0x080031f8       0xf8 StdPeriph_Driver/src/stm32f10x_tim.o
                0x080031f8                TIM_TimeBaseInit
 .text.TIM_Cmd  0x080032f0       0x40 StdPeriph_Driver/src/stm32f10x_tim.o
                0x080032f0                TIM_Cmd
 .text.TIM_ITConfig
                0x08003330       0x48 StdPeriph_Driver/src/stm32f10x_tim.o
                0x08003330                TIM_ITConfig
 .text.TIM_GetITStatus
                0x08003378       0x54 StdPeriph_Driver/src/stm32f10x_tim.o
                0x08003378                TIM_GetITStatus
 .text.TIM_ClearITPendingBit
                0x080033cc       0x20 StdPeriph_Driver/src/stm32f10x_tim.o
                0x080033cc                TIM_ClearITPendingBit
 .text.USART_Init
                0x080033ec      0x174 StdPeriph_Driver/src/stm32f10x_usart.o
                0x080033ec                USART_Init
 .text.USART_StructInit
                0x08003560       0x38 StdPeriph_Driver/src/stm32f10x_usart.o
                0x08003560                USART_StructInit
 .text.USART_Cmd
                0x08003598       0x40 StdPeriph_Driver/src/stm32f10x_usart.o
                0x08003598                USART_Cmd
 .text.USART_ITConfig
                0x080035d8       0x90 StdPeriph_Driver/src/stm32f10x_usart.o
                0x080035d8                USART_ITConfig
 .text.USART_SendData
                0x08003668       0x24 StdPeriph_Driver/src/stm32f10x_usart.o
                0x08003668                USART_SendData
 .text.USART_ReceiveData
                0x0800368c       0x20 StdPeriph_Driver/src/stm32f10x_usart.o
                0x0800368c                USART_ReceiveData
 .text.USART_GetFlagStatus
                0x080036ac       0x38 StdPeriph_Driver/src/stm32f10x_usart.o
                0x080036ac                USART_GetFlagStatus
 .text.__errno  0x080036e4        0xc c:/ac6/systemworkbench/plugins/fr.ac6.mcu.externaltools.arm-none.win32_1.3.0.201507241045/tools/compiler/bin/../lib/gcc/arm-none-eabi/4.9.3/../../../../arm-none-eabi/lib/armv7-m\libc.a(lib_a-errno.o)
                0x080036e4                __errno
 .text.__libc_init_array
                0x080036f0       0x50 c:/ac6/systemworkbench/plugins/fr.ac6.mcu.externaltools.arm-none.win32_1.3.0.201507241045/tools/compiler/bin/../lib/gcc/arm-none-eabi/4.9.3/../../../../arm-none-eabi/lib/armv7-m\libc.a(lib_a-init.o)
                0x080036f0                __libc_init_array
 .text.memset   0x08003740       0x9c c:/ac6/systemworkbench/plugins/fr.ac6.mcu.externaltools.arm-none.win32_1.3.0.201507241045/tools/compiler/bin/../lib/gcc/arm-none-eabi/4.9.3/../../../../arm-none-eabi/lib/armv7-m\libc.a(lib_a-memset.o)
                0x08003740                memset
 .text.sprintf  0x080037dc       0x4c c:/ac6/systemworkbench/plugins/fr.ac6.mcu.externaltools.arm-none.win32_1.3.0.201507241045/tools/compiler/bin/../lib/gcc/arm-none-eabi/4.9.3/../../../../arm-none-eabi/lib/armv7-m\libc.a(lib_a-sprintf.o)
                0x080037dc                sprintf
 .text.critical_factorization
                0x08003828       0xb8 c:/ac6/systemworkbench/plugins/fr.ac6.mcu.externaltools.arm-none.win32_1.3.0.201507241045/tools/compiler/bin/../lib/gcc/arm-none-eabi/4.9.3/../../../../arm-none-eabi/lib/armv7-m\libc.a(lib_a-strstr.o)
 .text.two_way_long_needle
                0x080038e0      0x1f8 c:/ac6/systemworkbench/plugins/fr.ac6.mcu.externaltools.arm-none.win32_1.3.0.201507241045/tools/compiler/bin/../lib/gcc/arm-none-eabi/4.9.3/../../../../arm-none-eabi/lib/armv7-m\libc.a(lib_a-strstr.o)
 .text.strstr   0x08003ad8      0x220 c:/ac6/systemworkbench/plugins/fr.ac6.mcu.externaltools.arm-none.win32_1.3.0.201507241045/tools/compiler/bin/../lib/gcc/arm-none-eabi/4.9.3/../../../../arm-none-eabi/lib/armv7-m\libc.a(lib_a-strstr.o)
                0x08003ad8                strstr
 .text._svfprintf_r
                0x08003cf8     0x14f4 c:/ac6/systemworkbench/plugins/fr.ac6.mcu.externaltools.arm-none.win32_1.3.0.201507241045/tools/compiler/bin/../lib/gcc/arm-none-eabi/4.9.3/../../../../arm-none-eabi/lib/armv7-m\libc.a(lib_a-svfprintf.o)
                0x08003cf8                _svfprintf_r
 .text.startup.register_fini
                0x080051ec       0x14 c:/ac6/systemworkbench/plugins/fr.ac6.mcu.externaltools.arm-none.win32_1.3.0.201507241045/tools/compiler/bin/../lib/gcc/arm-none-eabi/4.9.3/../../../../arm-none-eabi/lib/armv7-m\libc.a(lib_a-__call_atexit.o)
 .text.atexit   0x08005200        0xc c:/ac6/systemworkbench/plugins/fr.ac6.mcu.externaltools.arm-none.win32_1.3.0.201507241045/tools/compiler/bin/../lib/gcc/arm-none-eabi/4.9.3/../../../../arm-none-eabi/lib/armv7-m\libc.a(lib_a-atexit.o)
                0x08005200                atexit
 .text.quorem   0x0800520c      0x130 c:/ac6/systemworkbench/plugins/fr.ac6.mcu.externaltools.arm-none.win32_1.3.0.201507241045/tools/compiler/bin/../lib/gcc/arm-none-eabi/4.9.3/../../../../arm-none-eabi/lib/armv7-m\libc.a(lib_a-dtoa.o)
 *fill*         0x0800533c        0x4 
 .text._dtoa_r  0x08005340      0xea8 c:/ac6/systemworkbench/plugins/fr.ac6.mcu.externaltools.arm-none.win32_1.3.0.201507241045/tools/compiler/bin/../lib/gcc/arm-none-eabi/4.9.3/../../../../arm-none-eabi/lib/armv7-m\libc.a(lib_a-dtoa.o)
                0x08005340                _dtoa_r
 .text.__libc_fini_array
                0x080061e8       0x2c c:/ac6/systemworkbench/plugins/fr.ac6.mcu.externaltools.arm-none.win32_1.3.0.201507241045/tools/compiler/bin/../lib/gcc/arm-none-eabi/4.9.3/../../../../arm-none-eabi/lib/armv7-m\libc.a(lib_a-fini.o)
                0x080061e8                __libc_fini_array
 .text._localeconv_r
                0x08006214        0x8 c:/ac6/systemworkbench/plugins/fr.ac6.mcu.externaltools.arm-none.win32_1.3.0.201507241045/tools/compiler/bin/../lib/gcc/arm-none-eabi/4.9.3/../../../../arm-none-eabi/lib/armv7-m\libc.a(lib_a-locale.o)
                0x08006214                _localeconv_r
 .text._malloc_r
                0x0800621c      0x50c c:/ac6/systemworkbench/plugins/fr.ac6.mcu.externaltools.arm-none.win32_1.3.0.201507241045/tools/compiler/bin/../lib/gcc/arm-none-eabi/4.9.3/../../../../arm-none-eabi/lib/armv7-m\libc.a(lib_a-mallocr.o)
                0x0800621c                _malloc_r
 .text.memchr   0x08006728       0x94 c:/ac6/systemworkbench/plugins/fr.ac6.mcu.externaltools.arm-none.win32_1.3.0.201507241045/tools/compiler/bin/../lib/gcc/arm-none-eabi/4.9.3/../../../../arm-none-eabi/lib/armv7-m\libc.a(lib_a-memchr.o)
                0x08006728                memchr
 .text.memcmp   0x080067bc       0x64 c:/ac6/systemworkbench/plugins/fr.ac6.mcu.externaltools.arm-none.win32_1.3.0.201507241045/tools/compiler/bin/../lib/gcc/arm-none-eabi/4.9.3/../../../../arm-none-eabi/lib/armv7-m\libc.a(lib_a-memcmp.o)
                0x080067bc                memcmp
 .text.__malloc_lock
                0x08006820        0x4 c:/ac6/systemworkbench/plugins/fr.ac6.mcu.externaltools.arm-none.win32_1.3.0.201507241045/tools/compiler/bin/../lib/gcc/arm-none-eabi/4.9.3/../../../../arm-none-eabi/lib/armv7-m\libc.a(lib_a-mlock.o)
                0x08006820                __malloc_lock
 .text.__malloc_unlock
                0x08006824        0x4 c:/ac6/systemworkbench/plugins/fr.ac6.mcu.externaltools.arm-none.win32_1.3.0.201507241045/tools/compiler/bin/../lib/gcc/arm-none-eabi/4.9.3/../../../../arm-none-eabi/lib/armv7-m\libc.a(lib_a-mlock.o)
                0x08006824                __malloc_unlock
 .text._Balloc  0x08006828       0x50 c:/ac6/systemworkbench/plugins/fr.ac6.mcu.externaltools.arm-none.win32_1.3.0.201507241045/tools/compiler/bin/../lib/gcc/arm-none-eabi/4.9.3/../../../../arm-none-eabi/lib/armv7-m\libc.a(lib_a-mprec.o)
                0x08006828                _Balloc
 .text._Bfree   0x08006878       0x14 c:/ac6/systemworkbench/plugins/fr.ac6.mcu.externaltools.arm-none.win32_1.3.0.201507241045/tools/compiler/bin/../lib/gcc/arm-none-eabi/4.9.3/../../../../arm-none-eabi/lib/armv7-m\libc.a(lib_a-mprec.o)
                0x08006878                _Bfree
 .text.__multadd
                0x0800688c       0x84 c:/ac6/systemworkbench/plugins/fr.ac6.mcu.externaltools.arm-none.win32_1.3.0.201507241045/tools/compiler/bin/../lib/gcc/arm-none-eabi/4.9.3/../../../../arm-none-eabi/lib/armv7-m\libc.a(lib_a-mprec.o)
                0x0800688c                __multadd
 .text.__hi0bits
                0x08006910       0x40 c:/ac6/systemworkbench/plugins/fr.ac6.mcu.externaltools.arm-none.win32_1.3.0.201507241045/tools/compiler/bin/../lib/gcc/arm-none-eabi/4.9.3/../../../../arm-none-eabi/lib/armv7-m\libc.a(lib_a-mprec.o)
                0x08006910                __hi0bits
 .text.__lo0bits
                0x08006950       0x5c c:/ac6/systemworkbench/plugins/fr.ac6.mcu.externaltools.arm-none.win32_1.3.0.201507241045/tools/compiler/bin/../lib/gcc/arm-none-eabi/4.9.3/../../../../arm-none-eabi/lib/armv7-m\libc.a(lib_a-mprec.o)
                0x08006950                __lo0bits
 .text.__i2b    0x080069ac       0x14 c:/ac6/systemworkbench/plugins/fr.ac6.mcu.externaltools.arm-none.win32_1.3.0.201507241045/tools/compiler/bin/../lib/gcc/arm-none-eabi/4.9.3/../../../../arm-none-eabi/lib/armv7-m\libc.a(lib_a-mprec.o)
                0x080069ac                __i2b
 .text.__multiply
                0x080069c0      0x140 c:/ac6/systemworkbench/plugins/fr.ac6.mcu.externaltools.arm-none.win32_1.3.0.201507241045/tools/compiler/bin/../lib/gcc/arm-none-eabi/4.9.3/../../../../arm-none-eabi/lib/armv7-m\libc.a(lib_a-mprec.o)
                0x080069c0                __multiply
 .text.__pow5mult
                0x08006b00       0xa0 c:/ac6/systemworkbench/plugins/fr.ac6.mcu.externaltools.arm-none.win32_1.3.0.201507241045/tools/compiler/bin/../lib/gcc/arm-none-eabi/4.9.3/../../../../arm-none-eabi/lib/armv7-m\libc.a(lib_a-mprec.o)
                0x08006b00                __pow5mult
 .text.__lshift
                0x08006ba0       0xb0 c:/ac6/systemworkbench/plugins/fr.ac6.mcu.externaltools.arm-none.win32_1.3.0.201507241045/tools/compiler/bin/../lib/gcc/arm-none-eabi/4.9.3/../../../../arm-none-eabi/lib/armv7-m\libc.a(lib_a-mprec.o)
                0x08006ba0                __lshift
 .text.__mcmp   0x08006c50       0x48 c:/ac6/systemworkbench/plugins/fr.ac6.mcu.externaltools.arm-none.win32_1.3.0.201507241045/tools/compiler/bin/../lib/gcc/arm-none-eabi/4.9.3/../../../../arm-none-eabi/lib/armv7-m\libc.a(lib_a-mprec.o)
                0x08006c50                __mcmp
 .text.__mdiff  0x08006c98       0xe4 c:/ac6/systemworkbench/plugins/fr.ac6.mcu.externaltools.arm-none.win32_1.3.0.201507241045/tools/compiler/bin/../lib/gcc/arm-none-eabi/4.9.3/../../../../arm-none-eabi/lib/armv7-m\libc.a(lib_a-mprec.o)
                0x08006c98                __mdiff
 .text.__d2b    0x08006d7c       0xa8 c:/ac6/systemworkbench/plugins/fr.ac6.mcu.externaltools.arm-none.win32_1.3.0.201507241045/tools/compiler/bin/../lib/gcc/arm-none-eabi/4.9.3/../../../../arm-none-eabi/lib/armv7-m\libc.a(lib_a-mprec.o)
                0x08006d7c                __d2b
 .text.__fpclassifyd
                0x08006e24       0x58 c:/ac6/systemworkbench/plugins/fr.ac6.mcu.externaltools.arm-none.win32_1.3.0.201507241045/tools/compiler/bin/../lib/gcc/arm-none-eabi/4.9.3/../../../../arm-none-eabi/lib/armv7-m\libc.a(lib_a-s_fpclassify.o)
                0x08006e24                __fpclassifyd
 .text._sbrk_r  0x08006e7c       0x24 c:/ac6/systemworkbench/plugins/fr.ac6.mcu.externaltools.arm-none.win32_1.3.0.201507241045/tools/compiler/bin/../lib/gcc/arm-none-eabi/4.9.3/../../../../arm-none-eabi/lib/armv7-m\libc.a(lib_a-sbrkr.o)
                0x08006e7c                _sbrk_r
 .text.strchr   0x08006ea0       0xcc c:/ac6/systemworkbench/plugins/fr.ac6.mcu.externaltools.arm-none.win32_1.3.0.201507241045/tools/compiler/bin/../lib/gcc/arm-none-eabi/4.9.3/../../../../arm-none-eabi/lib/armv7-m\libc.a(lib_a-strchr.o)
                0x08006ea0                strchr
 .text.strlen   0x08006f6c       0x5c c:/ac6/systemworkbench/plugins/fr.ac6.mcu.externaltools.arm-none.win32_1.3.0.201507241045/tools/compiler/bin/../lib/gcc/arm-none-eabi/4.9.3/../../../../arm-none-eabi/lib/armv7-m\libc.a(lib_a-strlen.o)
                0x08006f6c                strlen
 .text.__ssprint_r
                0x08006fc8      0x104 c:/ac6/systemworkbench/plugins/fr.ac6.mcu.externaltools.arm-none.win32_1.3.0.201507241045/tools/compiler/bin/../lib/gcc/arm-none-eabi/4.9.3/../../../../arm-none-eabi/lib/armv7-m\libc.a(lib_a-svfiprintf.o)
                0x08006fc8                __ssprint_r
 .text.__register_exitproc
                0x080070cc       0xa4 c:/ac6/systemworkbench/plugins/fr.ac6.mcu.externaltools.arm-none.win32_1.3.0.201507241045/tools/compiler/bin/../lib/gcc/arm-none-eabi/4.9.3/../../../../arm-none-eabi/lib/armv7-m\libc.a(lib_a-__atexit.o)
                0x080070cc                __register_exitproc
 .text._calloc_r
                0x08007170       0x60 c:/ac6/systemworkbench/plugins/fr.ac6.mcu.externaltools.arm-none.win32_1.3.0.201507241045/tools/compiler/bin/../lib/gcc/arm-none-eabi/4.9.3/../../../../arm-none-eabi/lib/armv7-m\libc.a(lib_a-callocr.o)
                0x08007170                _calloc_r
 .text._malloc_trim_r
                0x080071d0       0x9c c:/ac6/systemworkbench/plugins/fr.ac6.mcu.externaltools.arm-none.win32_1.3.0.201507241045/tools/compiler/bin/../lib/gcc/arm-none-eabi/4.9.3/../../../../arm-none-eabi/lib/armv7-m\libc.a(lib_a-freer.o)
                0x080071d0                _malloc_trim_r
 .text._free_r  0x0800726c      0x1b0 c:/ac6/systemworkbench/plugins/fr.ac6.mcu.externaltools.arm-none.win32_1.3.0.201507241045/tools/compiler/bin/../lib/gcc/arm-none-eabi/4.9.3/../../../../arm-none-eabi/lib/armv7-m\libc.a(lib_a-freer.o)
                0x0800726c                _free_r
 .text.memmove  0x0800741c       0xc8 c:/ac6/systemworkbench/plugins/fr.ac6.mcu.externaltools.arm-none.win32_1.3.0.201507241045/tools/compiler/bin/../lib/gcc/arm-none-eabi/4.9.3/../../../../arm-none-eabi/lib/armv7-m\libc.a(lib_a-memmove.o)
                0x0800741c                memmove
 .text._realloc_r
                0x080074e4      0x3e0 c:/ac6/systemworkbench/plugins/fr.ac6.mcu.externaltools.arm-none.win32_1.3.0.201507241045/tools/compiler/bin/../lib/gcc/arm-none-eabi/4.9.3/../../../../arm-none-eabi/lib/armv7-m\libc.a(lib_a-reallocr.o)
                0x080074e4                _realloc_r
 *(.glue_7)
 .glue_7        0x00000000        0x0 linker stubs
 *(.glue_7t)
 .glue_7t       0x00000000        0x0 linker stubs
 *(.eh_frame)
 .eh_frame      0x080078c4        0x0 c:/ac6/systemworkbench/plugins/fr.ac6.mcu.externaltools.arm-none.win32_1.3.0.201507241045/tools/compiler/bin/../lib/gcc/arm-none-eabi/4.9.3/armv7-m/crtbegin.o
 *(.init)
 .init          0x080078c4        0x4 c:/ac6/systemworkbench/plugins/fr.ac6.mcu.externaltools.arm-none.win32_1.3.0.201507241045/tools/compiler/bin/../lib/gcc/arm-none-eabi/4.9.3/armv7-m/crti.o
                0x080078c4                _init
 .init          0x080078c8        0x8 c:/ac6/systemworkbench/plugins/fr.ac6.mcu.externaltools.arm-none.win32_1.3.0.201507241045/tools/compiler/bin/../lib/gcc/arm-none-eabi/4.9.3/armv7-m/crtn.o
 *(.fini)
 .fini          0x080078d0        0x4 c:/ac6/systemworkbench/plugins/fr.ac6.mcu.externaltools.arm-none.win32_1.3.0.201507241045/tools/compiler/bin/../lib/gcc/arm-none-eabi/4.9.3/armv7-m/crti.o
                0x080078d0                _fini
 .fini          0x080078d4        0x8 c:/ac6/systemworkbench/plugins/fr.ac6.mcu.externaltools.arm-none.win32_1.3.0.201507241045/tools/compiler/bin/../lib/gcc/arm-none-eabi/4.9.3/armv7-m/crtn.o
                0x080078dc                . = ALIGN (0x4)
                0x080078dc                _etext = .

.vfp11_veneer   0x080078dc        0x0
 .vfp11_veneer  0x00000000        0x0 linker stubs

.v4_bx          0x080078dc        0x0
 .v4_bx         0x00000000        0x0 linker stubs

.iplt           0x080078dc        0x0
 .iplt          0x00000000        0x0 c:/ac6/systemworkbench/plugins/fr.ac6.mcu.externaltools.arm-none.win32_1.3.0.201507241045/tools/compiler/bin/../lib/gcc/arm-none-eabi/4.9.3/armv7-m/crtbegin.o

.rodata         0x080078e0      0x298
                0x080078e0                . = ALIGN (0x4)
 *(.rodata)
 .rodata        0x080078e0      0x110 src/main.o
 .rodata        0x080079f0        0x4 src/stm32f1xx_it.o
 *(.rodata*)
 .rodata.str1.4
                0x080079f4        0x2 c:/ac6/systemworkbench/plugins/fr.ac6.mcu.externaltools.arm-none.win32_1.3.0.201507241045/tools/compiler/bin/../lib/gcc/arm-none-eabi/4.9.3/../../../../arm-none-eabi/lib/armv7-m\libc.a(lib_a-impure.o)
                                  0x4 (size before relaxing)
 *fill*         0x080079f6        0x2 
 .rodata._global_impure_ptr
                0x080079f8        0x4 c:/ac6/systemworkbench/plugins/fr.ac6.mcu.externaltools.arm-none.win32_1.3.0.201507241045/tools/compiler/bin/../lib/gcc/arm-none-eabi/4.9.3/../../../../arm-none-eabi/lib/armv7-m\libc.a(lib_a-impure.o)
                0x080079f8                _global_impure_ptr
 .rodata.zeroes.6916
                0x080079fc       0x10 c:/ac6/systemworkbench/plugins/fr.ac6.mcu.externaltools.arm-none.win32_1.3.0.201507241045/tools/compiler/bin/../lib/gcc/arm-none-eabi/4.9.3/../../../../arm-none-eabi/lib/armv7-m\libc.a(lib_a-svfprintf.o)
 .rodata.str1.4
                0x08007a0c       0x42 c:/ac6/systemworkbench/plugins/fr.ac6.mcu.externaltools.arm-none.win32_1.3.0.201507241045/tools/compiler/bin/../lib/gcc/arm-none-eabi/4.9.3/../../../../arm-none-eabi/lib/armv7-m\libc.a(lib_a-svfprintf.o)
                                 0x44 (size before relaxing)
 *fill*         0x08007a4e        0x2 
 .rodata.blanks.6915
                0x08007a50       0x10 c:/ac6/systemworkbench/plugins/fr.ac6.mcu.externaltools.arm-none.win32_1.3.0.201507241045/tools/compiler/bin/../lib/gcc/arm-none-eabi/4.9.3/../../../../arm-none-eabi/lib/armv7-m\libc.a(lib_a-svfprintf.o)
 .rodata.str1.4
                0x08007a60       0x10 c:/ac6/systemworkbench/plugins/fr.ac6.mcu.externaltools.arm-none.win32_1.3.0.201507241045/tools/compiler/bin/../lib/gcc/arm-none-eabi/4.9.3/../../../../arm-none-eabi/lib/armv7-m\libc.a(lib_a-dtoa.o)
                                 0x14 (size before relaxing)
 .rodata.str1.4
                0x08007a70        0xc c:/ac6/systemworkbench/plugins/fr.ac6.mcu.externaltools.arm-none.win32_1.3.0.201507241045/tools/compiler/bin/../lib/gcc/arm-none-eabi/4.9.3/../../../../arm-none-eabi/lib/armv7-m\libc.a(lib_a-locale.o)
                                 0x14 (size before relaxing)
 .rodata.p05.5296
                0x08007a7c        0xc c:/ac6/systemworkbench/plugins/fr.ac6.mcu.externaltools.arm-none.win32_1.3.0.201507241045/tools/compiler/bin/../lib/gcc/arm-none-eabi/4.9.3/../../../../arm-none-eabi/lib/armv7-m\libc.a(lib_a-mprec.o)
 .rodata.__mprec_tens
                0x08007a88       0xc8 c:/ac6/systemworkbench/plugins/fr.ac6.mcu.externaltools.arm-none.win32_1.3.0.201507241045/tools/compiler/bin/../lib/gcc/arm-none-eabi/4.9.3/../../../../arm-none-eabi/lib/armv7-m\libc.a(lib_a-mprec.o)
                0x08007a88                __mprec_tens
 .rodata.__mprec_bigtens
                0x08007b50       0x28 c:/ac6/systemworkbench/plugins/fr.ac6.mcu.externaltools.arm-none.win32_1.3.0.201507241045/tools/compiler/bin/../lib/gcc/arm-none-eabi/4.9.3/../../../../arm-none-eabi/lib/armv7-m\libc.a(lib_a-mprec.o)
                0x08007b50                __mprec_bigtens
                0x08007b78                . = ALIGN (0x4)

.ARM.extab
 *(.ARM.extab* .gnu.linkonce.armextab.*)

.ARM            0x08007b78        0x8
                0x08007b78                __exidx_start = .
 *(.ARM.exidx*)
 .ARM.exidx     0x08007b78        0x8 c:/ac6/systemworkbench/plugins/fr.ac6.mcu.externaltools.arm-none.win32_1.3.0.201507241045/tools/compiler/bin/../lib/gcc/arm-none-eabi/4.9.3/armv7-m\libgcc.a(_divdi3.o)
 .ARM.exidx     0x08007b80        0x0 c:/ac6/systemworkbench/plugins/fr.ac6.mcu.externaltools.arm-none.win32_1.3.0.201507241045/tools/compiler/bin/../lib/gcc/arm-none-eabi/4.9.3/armv7-m\libgcc.a(_udivdi3.o)
                                  0x8 (size before relaxing)
                0x08007b80                __exidx_end = .

.rel.dyn        0x08007b80        0x0
 .rel.iplt      0x00000000        0x0 c:/ac6/systemworkbench/plugins/fr.ac6.mcu.externaltools.arm-none.win32_1.3.0.201507241045/tools/compiler/bin/../lib/gcc/arm-none-eabi/4.9.3/armv7-m/crtbegin.o

.preinit_array  0x08007b80        0x0
                0x08007b80                PROVIDE (__preinit_array_start, .)
 *(.preinit_array*)
                0x08007b80                PROVIDE (__preinit_array_end, .)

.init_array     0x08007b80        0x8
                0x08007b80                PROVIDE (__init_array_start, .)
 *(SORT(.init_array.*))
 .init_array.00000
                0x08007b80        0x4 c:/ac6/systemworkbench/plugins/fr.ac6.mcu.externaltools.arm-none.win32_1.3.0.201507241045/tools/compiler/bin/../lib/gcc/arm-none-eabi/4.9.3/../../../../arm-none-eabi/lib/armv7-m\libc.a(lib_a-__call_atexit.o)
 *(.init_array*)
 .init_array    0x08007b84        0x4 c:/ac6/systemworkbench/plugins/fr.ac6.mcu.externaltools.arm-none.win32_1.3.0.201507241045/tools/compiler/bin/../lib/gcc/arm-none-eabi/4.9.3/armv7-m/crtbegin.o
                0x08007b88                PROVIDE (__init_array_end, .)

.fini_array     0x08007b88        0x4
                0x08007b88                PROVIDE (__fini_array_start, .)
 *(SORT(.fini_array.*))
 *(.fini_array*)
 .fini_array    0x08007b88        0x4 c:/ac6/systemworkbench/plugins/fr.ac6.mcu.externaltools.arm-none.win32_1.3.0.201507241045/tools/compiler/bin/../lib/gcc/arm-none-eabi/4.9.3/armv7-m/crtbegin.o
                0x08007b8c                PROVIDE (__fini_array_end, .)
                0x08007b8c                _sidata = LOADADDR (.data)

.data           0x20000000      0x8cc load address 0x08007b8c
                0x20000000                . = ALIGN (0x4)
                0x20000000                _sdata = .
 *(.data)
 .data          0x20000000       0x28 src/main.o
                0x20000000                resetCMD
                0x20000008                keypadCMD
                0x20000010                infoCMD
                0x20000018                setCMD
                0x20000020                getTimeCMD
 .data          0x20000028        0x8 src/stm32f1xx_it.o
                0x20000028                DisplayPin
 .data          0x20000030       0x14 src/system_stm32f10x.o
                0x20000030                SystemCoreClock
                0x20000034                AHBPrescTable
 .data          0x20000044       0x14 StdPeriph_Driver/src/stm32f10x_rcc.o
 *(.data*)
 .data.impure_data
                0x20000058      0x428 c:/ac6/systemworkbench/plugins/fr.ac6.mcu.externaltools.arm-none.win32_1.3.0.201507241045/tools/compiler/bin/../lib/gcc/arm-none-eabi/4.9.3/../../../../arm-none-eabi/lib/armv7-m\libc.a(lib_a-impure.o)
 .data._impure_ptr
                0x20000480        0x4 c:/ac6/systemworkbench/plugins/fr.ac6.mcu.externaltools.arm-none.win32_1.3.0.201507241045/tools/compiler/bin/../lib/gcc/arm-none-eabi/4.9.3/../../../../arm-none-eabi/lib/armv7-m\libc.a(lib_a-impure.o)
                0x20000480                _impure_ptr
 .data.lconv    0x20000484       0x38 c:/ac6/systemworkbench/plugins/fr.ac6.mcu.externaltools.arm-none.win32_1.3.0.201507241045/tools/compiler/bin/../lib/gcc/arm-none-eabi/4.9.3/../../../../arm-none-eabi/lib/armv7-m\libc.a(lib_a-locale.o)
 .data.__malloc_av_
                0x200004bc      0x408 c:/ac6/systemworkbench/plugins/fr.ac6.mcu.externaltools.arm-none.win32_1.3.0.201507241045/tools/compiler/bin/../lib/gcc/arm-none-eabi/4.9.3/../../../../arm-none-eabi/lib/armv7-m\libc.a(lib_a-mallocr.o)
                0x200004bc                __malloc_av_
 .data.__malloc_trim_threshold
                0x200008c4        0x4 c:/ac6/systemworkbench/plugins/fr.ac6.mcu.externaltools.arm-none.win32_1.3.0.201507241045/tools/compiler/bin/../lib/gcc/arm-none-eabi/4.9.3/../../../../arm-none-eabi/lib/armv7-m\libc.a(lib_a-mallocr.o)
                0x200008c4                __malloc_trim_threshold
 .data.__malloc_sbrk_base
                0x200008c8        0x4 c:/ac6/systemworkbench/plugins/fr.ac6.mcu.externaltools.arm-none.win32_1.3.0.201507241045/tools/compiler/bin/../lib/gcc/arm-none-eabi/4.9.3/../../../../arm-none-eabi/lib/armv7-m\libc.a(lib_a-mallocr.o)
                0x200008c8                __malloc_sbrk_base
                0x200008cc                . = ALIGN (0x4)
                0x200008cc                _edata = .

.jcr            0x200008cc        0x0 load address 0x08008458
 .jcr           0x200008cc        0x0 c:/ac6/systemworkbench/plugins/fr.ac6.mcu.externaltools.arm-none.win32_1.3.0.201507241045/tools/compiler/bin/../lib/gcc/arm-none-eabi/4.9.3/armv7-m/crtbegin.o

.igot.plt       0x200008cc        0x0 load address 0x08008458
 .igot.plt      0x00000000        0x0 c:/ac6/systemworkbench/plugins/fr.ac6.mcu.externaltools.arm-none.win32_1.3.0.201507241045/tools/compiler/bin/../lib/gcc/arm-none-eabi/4.9.3/armv7-m/crtbegin.o
                0x200008cc                . = ALIGN (0x4)

.bss            0x200008cc      0x224 load address 0x08008458
                0x200008cc                _sbss = .
                0x200008cc                __bss_start__ = _sbss
 *(.bss)
 .bss           0x200008cc       0x1c c:/ac6/systemworkbench/plugins/fr.ac6.mcu.externaltools.arm-none.win32_1.3.0.201507241045/tools/compiler/bin/../lib/gcc/arm-none-eabi/4.9.3/armv7-m/crtbegin.o
 .bss           0x200008e8        0x1 src/stm32f1xx_it.o
                0x200008e8                displayingSeconds
 *fill*         0x200008e9        0x3 
 .bss           0x200008ec        0x8 src/syscalls.o
                0x200008ec                __env
 *(.bss*)
 .bss.__malloc_max_total_mem
                0x200008f4        0x4 c:/ac6/systemworkbench/plugins/fr.ac6.mcu.externaltools.arm-none.win32_1.3.0.201507241045/tools/compiler/bin/../lib/gcc/arm-none-eabi/4.9.3/../../../../arm-none-eabi/lib/armv7-m\libc.a(lib_a-mallocr.o)
                0x200008f4                __malloc_max_total_mem
 .bss.__malloc_max_sbrked_mem
                0x200008f8        0x4 c:/ac6/systemworkbench/plugins/fr.ac6.mcu.externaltools.arm-none.win32_1.3.0.201507241045/tools/compiler/bin/../lib/gcc/arm-none-eabi/4.9.3/../../../../arm-none-eabi/lib/armv7-m\libc.a(lib_a-mallocr.o)
                0x200008f8                __malloc_max_sbrked_mem
 .bss.__malloc_top_pad
                0x200008fc        0x4 c:/ac6/systemworkbench/plugins/fr.ac6.mcu.externaltools.arm-none.win32_1.3.0.201507241045/tools/compiler/bin/../lib/gcc/arm-none-eabi/4.9.3/../../../../arm-none-eabi/lib/armv7-m\libc.a(lib_a-mallocr.o)
                0x200008fc                __malloc_top_pad
 .bss.__malloc_current_mallinfo
                0x20000900       0x28 c:/ac6/systemworkbench/plugins/fr.ac6.mcu.externaltools.arm-none.win32_1.3.0.201507241045/tools/compiler/bin/../lib/gcc/arm-none-eabi/4.9.3/../../../../arm-none-eabi/lib/armv7-m\libc.a(lib_a-mallocr.o)
                0x20000900                __malloc_current_mallinfo
 *(COMMON)
 COMMON         0x20000928      0x1c4 src/main.o
                0x20000928                secondsBuffer
                0x2000092c                TenMiliSeconds
                0x20000930                timeBuffer
                0x20000934                receiveBufferCount
                0x20000938                sendBuffer
                0x20000a38                timeIsCorrect
                0x20000a3a                sendBufferCount
                0x20000a3c                allTimeHasBeenSet
                0x20000a3e                cmdStart
                0x20000a40                cmdEnd
                0x20000a42                sendBufferTail
                0x20000a44                clockStarted
                0x20000a48                buttonsBuffer
                0x20000a60                transmitChar
                0x20000a62                receiveBufferTail
                0x20000a64                timeBufferTail
                0x20000a68                receiveBuffer
                0x20000ae8                cmdRange
                0x20000aea                allowSet
 COMMON         0x20000aec        0x4 c:/ac6/systemworkbench/plugins/fr.ac6.mcu.externaltools.arm-none.win32_1.3.0.201507241045/tools/compiler/bin/../lib/gcc/arm-none-eabi/4.9.3/../../../../arm-none-eabi/lib/armv7-m\libc.a(lib_a-reent.o)
                0x20000aec                errno
                0x20000af0                . = ALIGN (0x4)
                0x20000af0                _ebss = .
                0x20000af0                __bss_end__ = _ebss

._user_heap_stack
                0x20000af0      0x100 load address 0x08008458
                0x20000af0                . = ALIGN (0x8)
                0x20000af0                PROVIDE (end, .)
                0x20000af0                PROVIDE (_end, .)
                0x20000af0                . = (. + _Min_Heap_Size)
                0x20000bf0                . = (. + _Min_Stack_Size)
 *fill*         0x20000af0      0x100 
                0x20000bf0                . = ALIGN (0x8)

.memory_b1_text
 *(.mb1text)
 *(.mb1text*)
 *(.mb1rodata)
 *(.mb1rodata*)

/DISCARD/
 libc.a(*)
 libm.a(*)
 libgcc.a(*)

.ARM.attributes
                0x00000000       0x29
 *(.ARM.attributes)
 .ARM.attributes
                0x00000000       0x1d c:/ac6/systemworkbench/plugins/fr.ac6.mcu.externaltools.arm-none.win32_1.3.0.201507241045/tools/compiler/bin/../lib/gcc/arm-none-eabi/4.9.3/armv7-m/crti.o
 .ARM.attributes
                0x0000001d       0x2d c:/ac6/systemworkbench/plugins/fr.ac6.mcu.externaltools.arm-none.win32_1.3.0.201507241045/tools/compiler/bin/../lib/gcc/arm-none-eabi/4.9.3/armv7-m/crtbegin.o
 .ARM.attributes
                0x0000004a       0x21 startup/startup_stm32f10x_md.o
 .ARM.attributes
                0x0000006b       0x33 src/main.o
 .ARM.attributes
                0x0000009e       0x33 src/stm32f1xx_it.o
 .ARM.attributes
                0x000000d1       0x33 src/syscalls.o
 .ARM.attributes
                0x00000104       0x33 src/system_stm32f10x.o
 .ARM.attributes
                0x00000137       0x33 StdPeriph_Driver/src/misc.o
 .ARM.attributes
                0x0000016a       0x33 StdPeriph_Driver/src/stm32f10x_gpio.o
 .ARM.attributes
                0x0000019d       0x33 StdPeriph_Driver/src/stm32f10x_rcc.o
 .ARM.attributes
                0x000001d0       0x33 StdPeriph_Driver/src/stm32f10x_tim.o
 .ARM.attributes
                0x00000203       0x33 StdPeriph_Driver/src/stm32f10x_usart.o
 .ARM.attributes
                0x00000236       0x2d c:/ac6/systemworkbench/plugins/fr.ac6.mcu.externaltools.arm-none.win32_1.3.0.201507241045/tools/compiler/bin/../lib/gcc/arm-none-eabi/4.9.3/../../../../arm-none-eabi/lib/armv7-m\libc.a(lib_a-errno.o)
 .ARM.attributes
                0x00000263       0x2d c:/ac6/systemworkbench/plugins/fr.ac6.mcu.externaltools.arm-none.win32_1.3.0.201507241045/tools/compiler/bin/../lib/gcc/arm-none-eabi/4.9.3/../../../../arm-none-eabi/lib/armv7-m\libc.a(lib_a-impure.o)
 .ARM.attributes
                0x00000290       0x2d c:/ac6/systemworkbench/plugins/fr.ac6.mcu.externaltools.arm-none.win32_1.3.0.201507241045/tools/compiler/bin/../lib/gcc/arm-none-eabi/4.9.3/../../../../arm-none-eabi/lib/armv7-m\libc.a(lib_a-init.o)
 .ARM.attributes
                0x000002bd       0x2d c:/ac6/systemworkbench/plugins/fr.ac6.mcu.externaltools.arm-none.win32_1.3.0.201507241045/tools/compiler/bin/../lib/gcc/arm-none-eabi/4.9.3/../../../../arm-none-eabi/lib/armv7-m\libc.a(lib_a-memset.o)
 .ARM.attributes
                0x000002ea       0x2d c:/ac6/systemworkbench/plugins/fr.ac6.mcu.externaltools.arm-none.win32_1.3.0.201507241045/tools/compiler/bin/../lib/gcc/arm-none-eabi/4.9.3/../../../../arm-none-eabi/lib/armv7-m\libc.a(lib_a-sprintf.o)
 .ARM.attributes
                0x00000317       0x1b c:/ac6/systemworkbench/plugins/fr.ac6.mcu.externaltools.arm-none.win32_1.3.0.201507241045/tools/compiler/bin/../lib/gcc/arm-none-eabi/4.9.3/../../../../arm-none-eabi/lib/armv7-m\libc.a(lib_a-strcmp.o)
 .ARM.attributes
                0x00000332       0x2d c:/ac6/systemworkbench/plugins/fr.ac6.mcu.externaltools.arm-none.win32_1.3.0.201507241045/tools/compiler/bin/../lib/gcc/arm-none-eabi/4.9.3/../../../../arm-none-eabi/lib/armv7-m\libc.a(lib_a-strstr.o)
 .ARM.attributes
                0x0000035f       0x2d c:/ac6/systemworkbench/plugins/fr.ac6.mcu.externaltools.arm-none.win32_1.3.0.201507241045/tools/compiler/bin/../lib/gcc/arm-none-eabi/4.9.3/../../../../arm-none-eabi/lib/armv7-m\libc.a(lib_a-svfprintf.o)
 .ARM.attributes
                0x0000038c       0x2d c:/ac6/systemworkbench/plugins/fr.ac6.mcu.externaltools.arm-none.win32_1.3.0.201507241045/tools/compiler/bin/../lib/gcc/arm-none-eabi/4.9.3/../../../../arm-none-eabi/lib/armv7-m\libc.a(lib_a-__call_atexit.o)
 .ARM.attributes
                0x000003b9       0x2d c:/ac6/systemworkbench/plugins/fr.ac6.mcu.externaltools.arm-none.win32_1.3.0.201507241045/tools/compiler/bin/../lib/gcc/arm-none-eabi/4.9.3/../../../../arm-none-eabi/lib/armv7-m\libc.a(lib_a-atexit.o)
 .ARM.attributes
                0x000003e6       0x2d c:/ac6/systemworkbench/plugins/fr.ac6.mcu.externaltools.arm-none.win32_1.3.0.201507241045/tools/compiler/bin/../lib/gcc/arm-none-eabi/4.9.3/../../../../arm-none-eabi/lib/armv7-m\libc.a(lib_a-dtoa.o)
 .ARM.attributes
                0x00000413       0x2d c:/ac6/systemworkbench/plugins/fr.ac6.mcu.externaltools.arm-none.win32_1.3.0.201507241045/tools/compiler/bin/../lib/gcc/arm-none-eabi/4.9.3/../../../../arm-none-eabi/lib/armv7-m\libc.a(lib_a-fini.o)
 .ARM.attributes
                0x00000440       0x2d c:/ac6/systemworkbench/plugins/fr.ac6.mcu.externaltools.arm-none.win32_1.3.0.201507241045/tools/compiler/bin/../lib/gcc/arm-none-eabi/4.9.3/../../../../arm-none-eabi/lib/armv7-m\libc.a(lib_a-locale.o)
 .ARM.attributes
                0x0000046d       0x2d c:/ac6/systemworkbench/plugins/fr.ac6.mcu.externaltools.arm-none.win32_1.3.0.201507241045/tools/compiler/bin/../lib/gcc/arm-none-eabi/4.9.3/../../../../arm-none-eabi/lib/armv7-m\libc.a(lib_a-mallocr.o)
 .ARM.attributes
                0x0000049a       0x2d c:/ac6/systemworkbench/plugins/fr.ac6.mcu.externaltools.arm-none.win32_1.3.0.201507241045/tools/compiler/bin/../lib/gcc/arm-none-eabi/4.9.3/../../../../arm-none-eabi/lib/armv7-m\libc.a(lib_a-memchr.o)
 .ARM.attributes
                0x000004c7       0x2d c:/ac6/systemworkbench/plugins/fr.ac6.mcu.externaltools.arm-none.win32_1.3.0.201507241045/tools/compiler/bin/../lib/gcc/arm-none-eabi/4.9.3/../../../../arm-none-eabi/lib/armv7-m\libc.a(lib_a-memcmp.o)
 .ARM.attributes
                0x000004f4       0x1b c:/ac6/systemworkbench/plugins/fr.ac6.mcu.externaltools.arm-none.win32_1.3.0.201507241045/tools/compiler/bin/../lib/gcc/arm-none-eabi/4.9.3/../../../../arm-none-eabi/lib/armv7-m\libc.a(lib_a-memcpy.o)
 .ARM.attributes
                0x0000050f       0x2d c:/ac6/systemworkbench/plugins/fr.ac6.mcu.externaltools.arm-none.win32_1.3.0.201507241045/tools/compiler/bin/../lib/gcc/arm-none-eabi/4.9.3/../../../../arm-none-eabi/lib/armv7-m\libc.a(lib_a-mlock.o)
 .ARM.attributes
                0x0000053c       0x2d c:/ac6/systemworkbench/plugins/fr.ac6.mcu.externaltools.arm-none.win32_1.3.0.201507241045/tools/compiler/bin/../lib/gcc/arm-none-eabi/4.9.3/../../../../arm-none-eabi/lib/armv7-m\libc.a(lib_a-mprec.o)
 .ARM.attributes
                0x00000569       0x2d c:/ac6/systemworkbench/plugins/fr.ac6.mcu.externaltools.arm-none.win32_1.3.0.201507241045/tools/compiler/bin/../lib/gcc/arm-none-eabi/4.9.3/../../../../arm-none-eabi/lib/armv7-m\libc.a(lib_a-s_fpclassify.o)
 .ARM.attributes
                0x00000596       0x2d c:/ac6/systemworkbench/plugins/fr.ac6.mcu.externaltools.arm-none.win32_1.3.0.201507241045/tools/compiler/bin/../lib/gcc/arm-none-eabi/4.9.3/../../../../arm-none-eabi/lib/armv7-m\libc.a(lib_a-sbrkr.o)
 .ARM.attributes
                0x000005c3       0x2d c:/ac6/systemworkbench/plugins/fr.ac6.mcu.externaltools.arm-none.win32_1.3.0.201507241045/tools/compiler/bin/../lib/gcc/arm-none-eabi/4.9.3/../../../../arm-none-eabi/lib/armv7-m\libc.a(lib_a-strchr.o)
 .ARM.attributes
                0x000005f0       0x2d c:/ac6/systemworkbench/plugins/fr.ac6.mcu.externaltools.arm-none.win32_1.3.0.201507241045/tools/compiler/bin/../lib/gcc/arm-none-eabi/4.9.3/../../../../arm-none-eabi/lib/armv7-m\libc.a(lib_a-strlen.o)
 .ARM.attributes
                0x0000061d       0x2d c:/ac6/systemworkbench/plugins/fr.ac6.mcu.externaltools.arm-none.win32_1.3.0.201507241045/tools/compiler/bin/../lib/gcc/arm-none-eabi/4.9.3/../../../../arm-none-eabi/lib/armv7-m\libc.a(lib_a-svfiprintf.o)
 .ARM.attributes
                0x0000064a       0x2d c:/ac6/systemworkbench/plugins/fr.ac6.mcu.externaltools.arm-none.win32_1.3.0.201507241045/tools/compiler/bin/../lib/gcc/arm-none-eabi/4.9.3/../../../../arm-none-eabi/lib/armv7-m\libc.a(lib_a-__atexit.o)
 .ARM.attributes
                0x00000677       0x2d c:/ac6/systemworkbench/plugins/fr.ac6.mcu.externaltools.arm-none.win32_1.3.0.201507241045/tools/compiler/bin/../lib/gcc/arm-none-eabi/4.9.3/../../../../arm-none-eabi/lib/armv7-m\libc.a(lib_a-callocr.o)
 .ARM.attributes
                0x000006a4       0x2d c:/ac6/systemworkbench/plugins/fr.ac6.mcu.externaltools.arm-none.win32_1.3.0.201507241045/tools/compiler/bin/../lib/gcc/arm-none-eabi/4.9.3/../../../../arm-none-eabi/lib/armv7-m\libc.a(lib_a-freer.o)
 .ARM.attributes
                0x000006d1       0x2d c:/ac6/systemworkbench/plugins/fr.ac6.mcu.externaltools.arm-none.win32_1.3.0.201507241045/tools/compiler/bin/../lib/gcc/arm-none-eabi/4.9.3/../../../../arm-none-eabi/lib/armv7-m\libc.a(lib_a-memmove.o)
 .ARM.attributes
                0x000006fe       0x2d c:/ac6/systemworkbench/plugins/fr.ac6.mcu.externaltools.arm-none.win32_1.3.0.201507241045/tools/compiler/bin/../lib/gcc/arm-none-eabi/4.9.3/../../../../arm-none-eabi/lib/armv7-m\libc.a(lib_a-reallocr.o)
 .ARM.attributes
                0x0000072b       0x2d c:/ac6/systemworkbench/plugins/fr.ac6.mcu.externaltools.arm-none.win32_1.3.0.201507241045/tools/compiler/bin/../lib/gcc/arm-none-eabi/4.9.3/../../../../arm-none-eabi/lib/armv7-m\libc.a(lib_a-reent.o)
 .ARM.attributes
                0x00000758       0x1d c:/ac6/systemworkbench/plugins/fr.ac6.mcu.externaltools.arm-none.win32_1.3.0.201507241045/tools/compiler/bin/../lib/gcc/arm-none-eabi/4.9.3/armv7-m\libgcc.a(_arm_addsubdf3.o)
 .ARM.attributes
                0x00000775       0x1d c:/ac6/systemworkbench/plugins/fr.ac6.mcu.externaltools.arm-none.win32_1.3.0.201507241045/tools/compiler/bin/../lib/gcc/arm-none-eabi/4.9.3/armv7-m\libgcc.a(_arm_muldivdf3.o)
 .ARM.attributes
                0x00000792       0x1d c:/ac6/systemworkbench/plugins/fr.ac6.mcu.externaltools.arm-none.win32_1.3.0.201507241045/tools/compiler/bin/../lib/gcc/arm-none-eabi/4.9.3/armv7-m\libgcc.a(_arm_cmpdf2.o)
 .ARM.attributes
                0x000007af       0x1d c:/ac6/systemworkbench/plugins/fr.ac6.mcu.externaltools.arm-none.win32_1.3.0.201507241045/tools/compiler/bin/../lib/gcc/arm-none-eabi/4.9.3/armv7-m\libgcc.a(_arm_fixdfsi.o)
 .ARM.attributes
                0x000007cc       0x1d c:/ac6/systemworkbench/plugins/fr.ac6.mcu.externaltools.arm-none.win32_1.3.0.201507241045/tools/compiler/bin/../lib/gcc/arm-none-eabi/4.9.3/armv7-m\libgcc.a(_aeabi_uldivmod.o)
 .ARM.attributes
                0x000007e9       0x2d c:/ac6/systemworkbench/plugins/fr.ac6.mcu.externaltools.arm-none.win32_1.3.0.201507241045/tools/compiler/bin/../lib/gcc/arm-none-eabi/4.9.3/armv7-m\libgcc.a(bpabi.o)
 .ARM.attributes
                0x00000816       0x1d c:/ac6/systemworkbench/plugins/fr.ac6.mcu.externaltools.arm-none.win32_1.3.0.201507241045/tools/compiler/bin/../lib/gcc/arm-none-eabi/4.9.3/armv7-m\libgcc.a(_dvmd_tls.o)
 .ARM.attributes
                0x00000833       0x2d c:/ac6/systemworkbench/plugins/fr.ac6.mcu.externaltools.arm-none.win32_1.3.0.201507241045/tools/compiler/bin/../lib/gcc/arm-none-eabi/4.9.3/armv7-m\libgcc.a(_divdi3.o)
 .ARM.attributes
                0x00000860       0x2d c:/ac6/systemworkbench/plugins/fr.ac6.mcu.externaltools.arm-none.win32_1.3.0.201507241045/tools/compiler/bin/../lib/gcc/arm-none-eabi/4.9.3/armv7-m\libgcc.a(_udivdi3.o)
 .ARM.attributes
                0x0000088d       0x1d c:/ac6/systemworkbench/plugins/fr.ac6.mcu.externaltools.arm-none.win32_1.3.0.201507241045/tools/compiler/bin/../lib/gcc/arm-none-eabi/4.9.3/armv7-m/crtn.o
OUTPUT(ProjektMikro.elf elf32-littlearm)

.debug_line     0x00000000     0x4859
 .debug_line    0x00000000       0x7e startup/startup_stm32f10x_md.o
 .debug_line    0x0000007e      0x7fb src/main.o
 .debug_line    0x00000879      0x926 src/stm32f1xx_it.o
 .debug_line    0x0000119f      0x526 src/syscalls.o
 .debug_line    0x000016c5      0x5cf src/system_stm32f10x.o
 .debug_line    0x00001c94      0x5d3 StdPeriph_Driver/src/misc.o
 .debug_line    0x00002267      0x73b StdPeriph_Driver/src/stm32f10x_gpio.o
 .debug_line    0x000029a2      0x849 StdPeriph_Driver/src/stm32f10x_rcc.o
 .debug_line    0x000031eb      0xe64 StdPeriph_Driver/src/stm32f10x_tim.o
 .debug_line    0x0000404f      0x80a StdPeriph_Driver/src/stm32f10x_usart.o

.debug_info     0x00000000     0x5f14
 .debug_info    0x00000000       0x75 startup/startup_stm32f10x_md.o
 .debug_info    0x00000075      0xeef src/main.o
 .debug_info    0x00000f64      0x9e2 src/stm32f1xx_it.o
 .debug_info    0x00001946      0x660 src/syscalls.o
 .debug_info    0x00001fa6      0x455 src/system_stm32f10x.o
 .debug_info    0x000023fb      0x545 StdPeriph_Driver/src/misc.o
 .debug_info    0x00002940      0x6ef StdPeriph_Driver/src/stm32f10x_gpio.o
 .debug_info    0x0000302f      0x895 StdPeriph_Driver/src/stm32f10x_rcc.o
 .debug_info    0x000038c4     0x1c60 StdPeriph_Driver/src/stm32f10x_tim.o
 .debug_info    0x00005524      0x9f0 StdPeriph_Driver/src/stm32f10x_usart.o

.debug_abbrev   0x00000000      0xf04
 .debug_abbrev  0x00000000       0x12 startup/startup_stm32f10x_md.o
 .debug_abbrev  0x00000012      0x26c src/main.o
 .debug_abbrev  0x0000027e      0x1d6 src/stm32f1xx_it.o
 .debug_abbrev  0x00000454      0x174 src/syscalls.o
 .debug_abbrev  0x000005c8      0x14a src/system_stm32f10x.o
 .debug_abbrev  0x00000712      0x14a StdPeriph_Driver/src/misc.o
 .debug_abbrev  0x0000085c      0x1cd StdPeriph_Driver/src/stm32f10x_gpio.o
 .debug_abbrev  0x00000a29      0x1bf StdPeriph_Driver/src/stm32f10x_rcc.o
 .debug_abbrev  0x00000be8      0x1b5 StdPeriph_Driver/src/stm32f10x_tim.o
 .debug_abbrev  0x00000d9d      0x167 StdPeriph_Driver/src/stm32f10x_usart.o

.debug_aranges  0x00000000      0x808
 .debug_aranges
                0x00000000       0x28 startup/startup_stm32f10x_md.o
 .debug_aranges
                0x00000028       0x68 src/main.o
 .debug_aranges
                0x00000090       0xa8 src/stm32f1xx_it.o
 .debug_aranges
                0x00000138       0xb0 src/syscalls.o
 .debug_aranges
                0x000001e8       0x30 src/system_stm32f10x.o
 .debug_aranges
                0x00000218       0x40 StdPeriph_Driver/src/misc.o
 .debug_aranges
                0x00000258       0xa8 StdPeriph_Driver/src/stm32f10x_gpio.o
 .debug_aranges
                0x00000300      0x118 StdPeriph_Driver/src/stm32f10x_rcc.o
 .debug_aranges
                0x00000418      0x2f0 StdPeriph_Driver/src/stm32f10x_tim.o
 .debug_aranges
                0x00000708      0x100 StdPeriph_Driver/src/stm32f10x_usart.o

.debug_ranges   0x00000000      0x770
 .debug_ranges  0x00000000       0x20 startup/startup_stm32f10x_md.o
 .debug_ranges  0x00000020       0x58 src/main.o
 .debug_ranges  0x00000078       0x98 src/stm32f1xx_it.o
 .debug_ranges  0x00000110       0xa0 src/syscalls.o
 .debug_ranges  0x000001b0       0x20 src/system_stm32f10x.o
 .debug_ranges  0x000001d0       0x30 StdPeriph_Driver/src/misc.o
 .debug_ranges  0x00000200       0x98 StdPeriph_Driver/src/stm32f10x_gpio.o
 .debug_ranges  0x00000298      0x108 StdPeriph_Driver/src/stm32f10x_rcc.o
 .debug_ranges  0x000003a0      0x2e0 StdPeriph_Driver/src/stm32f10x_tim.o
 .debug_ranges  0x00000680       0xf0 StdPeriph_Driver/src/stm32f10x_usart.o

.debug_macro    0x00000000     0xf621
 .debug_macro   0x00000000      0x22a src/main.o
 .debug_macro   0x0000022a      0x880 src/main.o
 .debug_macro   0x00000aaa       0x5d src/main.o
 .debug_macro   0x00000b07       0x3a src/main.o
 .debug_macro   0x00000b41       0x22 src/main.o
 .debug_macro   0x00000b63       0x44 src/main.o
 .debug_macro   0x00000ba7       0x1c src/main.o
 .debug_macro   0x00000bc3      0x1f7 src/main.o
 .debug_macro   0x00000dba       0x2d src/main.o
 .debug_macro   0x00000de7      0xa8b src/main.o
 .debug_macro   0x00001872     0x7eb3 src/main.o
 .debug_macro   0x00009725      0x2e4 src/main.o
 .debug_macro   0x00009a09      0x14a src/main.o
 .debug_macro   0x00009b53      0x3cf src/main.o
 .debug_macro   0x00009f22       0xc8 src/main.o
 .debug_macro   0x00009fea      0x17b src/main.o
 .debug_macro   0x0000a165       0xac src/main.o
 .debug_macro   0x0000a211      0x3b0 src/main.o
 .debug_macro   0x0000a5c1       0x9d src/main.o
 .debug_macro   0x0000a65e      0x2d5 src/main.o
 .debug_macro   0x0000a933      0x279 src/main.o
 .debug_macro   0x0000abac      0x2ad src/main.o
 .debug_macro   0x0000ae59      0x2b4 src/main.o
 .debug_macro   0x0000b10d       0x64 src/main.o
 .debug_macro   0x0000b171       0x82 src/main.o
 .debug_macro   0x0000b1f3      0x3e2 src/main.o
 .debug_macro   0x0000b5d5       0x58 src/main.o
 .debug_macro   0x0000b62d      0x344 src/main.o
 .debug_macro   0x0000b971      0x2c4 src/main.o
 .debug_macro   0x0000bc35      0x711 src/main.o
 .debug_macro   0x0000c346      0x229 src/main.o
 .debug_macro   0x0000c56f       0x34 src/main.o
 .debug_macro   0x0000c5a3       0x8c src/main.o
 .debug_macro   0x0000c62f       0x35 src/main.o
 .debug_macro   0x0000c664       0x9a src/main.o
 .debug_macro   0x0000c6fe       0x58 src/main.o
 .debug_macro   0x0000c756       0x35 src/main.o
 .debug_macro   0x0000c78b       0x9c src/main.o
 .debug_macro   0x0000c827      0x166 src/main.o
 .debug_macro   0x0000c98d       0x52 src/main.o
 .debug_macro   0x0000c9df       0x16 src/main.o
 .debug_macro   0x0000c9f5       0x43 src/main.o
 .debug_macro   0x0000ca38      0x180 src/main.o
 .debug_macro   0x0000cbb8      0x29d src/main.o
 .debug_macro   0x0000ce55       0x10 src/main.o
 .debug_macro   0x0000ce65       0x35 src/main.o
 .debug_macro   0x0000ce9a      0x19a src/stm32f1xx_it.o
 .debug_macro   0x0000d034      0x223 src/stm32f1xx_it.o
 .debug_macro   0x0000d257      0x1a3 src/syscalls.o
 .debug_macro   0x0000d3fa       0x4a src/syscalls.o
 .debug_macro   0x0000d444       0x10 src/syscalls.o
 .debug_macro   0x0000d454       0x10 src/syscalls.o
 .debug_macro   0x0000d464       0x10 src/syscalls.o
 .debug_macro   0x0000d474       0x10 src/syscalls.o
 .debug_macro   0x0000d484       0x22 src/syscalls.o
 .debug_macro   0x0000d4a6       0xbd src/syscalls.o
 .debug_macro   0x0000d563       0x35 src/syscalls.o
 .debug_macro   0x0000d598      0x121 src/syscalls.o
 .debug_macro   0x0000d6b9       0x16 src/syscalls.o
 .debug_macro   0x0000d6cf       0x16 src/syscalls.o
 .debug_macro   0x0000d6e5       0x29 src/syscalls.o
 .debug_macro   0x0000d70e       0x10 src/syscalls.o
 .debug_macro   0x0000d71e      0x241 src/syscalls.o
 .debug_macro   0x0000d95f       0x1c src/syscalls.o
 .debug_macro   0x0000d97b       0x10 src/syscalls.o
 .debug_macro   0x0000d98b       0x16 src/syscalls.o
 .debug_macro   0x0000d9a1      0x196 src/syscalls.o
 .debug_macro   0x0000db37      0x13e src/syscalls.o
 .debug_macro   0x0000dc75       0x16 src/syscalls.o
 .debug_macro   0x0000dc8b       0x22 src/syscalls.o
 .debug_macro   0x0000dcad      0x185 src/system_stm32f10x.o
 .debug_macro   0x0000de32      0x189 StdPeriph_Driver/src/misc.o
 .debug_macro   0x0000dfbb       0x86 StdPeriph_Driver/src/misc.o
 .debug_macro   0x0000e041      0x1d5 StdPeriph_Driver/src/stm32f10x_gpio.o
 .debug_macro   0x0000e216      0x2a7 StdPeriph_Driver/src/stm32f10x_gpio.o
 .debug_macro   0x0000e4bd      0x2a3 StdPeriph_Driver/src/stm32f10x_rcc.o
 .debug_macro   0x0000e760      0x3dc StdPeriph_Driver/src/stm32f10x_rcc.o
 .debug_macro   0x0000eb3c      0x19f StdPeriph_Driver/src/stm32f10x_tim.o
 .debug_macro   0x0000ecdb      0x70b StdPeriph_Driver/src/stm32f10x_tim.o
 .debug_macro   0x0000f3e6      0x23b StdPeriph_Driver/src/stm32f10x_usart.o

.debug_str      0x00000000    0x55322
 .debug_str     0x00000000    0x51296 src/main.o
                              0x514a2 (size before relaxing)
 .debug_str     0x00051296      0x129 src/stm32f1xx_it.o
                              0x4ea24 (size before relaxing)
 .debug_str     0x000513bf     0x1b8d src/syscalls.o
                               0x6713 (size before relaxing)
 .debug_str     0x00052f4c       0xf9 src/system_stm32f10x.o
                              0x4e59d (size before relaxing)
 .debug_str     0x00053045      0x125 StdPeriph_Driver/src/misc.o
                              0x4e6a6 (size before relaxing)
 .debug_str     0x0005316a      0x498 StdPeriph_Driver/src/stm32f10x_gpio.o
                              0x4ea18 (size before relaxing)
 .debug_str     0x00053602      0xaef StdPeriph_Driver/src/stm32f10x_rcc.o
                              0x4effe (size before relaxing)
 .debug_str     0x000540f1      0xac7 StdPeriph_Driver/src/stm32f10x_tim.o
                              0x4f11c (size before relaxing)
 .debug_str     0x00054bb8      0x76a StdPeriph_Driver/src/stm32f10x_usart.o
                              0x4ed28 (size before relaxing)

.comment        0x00000000       0x70
 .comment       0x00000000       0x70 src/main.o
                                 0x71 (size before relaxing)
 .comment       0x00000000       0x71 src/stm32f1xx_it.o
 .comment       0x00000000       0x71 src/syscalls.o
 .comment       0x00000000       0x71 src/system_stm32f10x.o
 .comment       0x00000000       0x71 StdPeriph_Driver/src/misc.o
 .comment       0x00000000       0x71 StdPeriph_Driver/src/stm32f10x_gpio.o
 .comment       0x00000000       0x71 StdPeriph_Driver/src/stm32f10x_rcc.o
 .comment       0x00000000       0x71 StdPeriph_Driver/src/stm32f10x_tim.o
 .comment       0x00000000       0x71 StdPeriph_Driver/src/stm32f10x_usart.o

.debug_frame    0x00000000     0x2dc4
 .debug_frame   0x00000000      0x17c src/main.o
 .debug_frame   0x0000017c      0x288 src/stm32f1xx_it.o
 .debug_frame   0x00000404      0x2d4 src/syscalls.o
 .debug_frame   0x000006d8       0x7c src/system_stm32f10x.o
 .debug_frame   0x00000754       0xd8 StdPeriph_Driver/src/misc.o
 .debug_frame   0x0000082c      0x2d0 StdPeriph_Driver/src/stm32f10x_gpio.o
 .debug_frame   0x00000afc      0x4f4 StdPeriph_Driver/src/stm32f10x_rcc.o
 .debug_frame   0x00000ff0      0xe2c StdPeriph_Driver/src/stm32f10x_tim.o
 .debug_frame   0x00001e1c      0x490 StdPeriph_Driver/src/stm32f10x_usart.o
 .debug_frame   0x000022ac       0x20 c:/ac6/systemworkbench/plugins/fr.ac6.mcu.externaltools.arm-none.win32_1.3.0.201507241045/tools/compiler/bin/../lib/gcc/arm-none-eabi/4.9.3/../../../../arm-none-eabi/lib/armv7-m\libc.a(lib_a-errno.o)
 .debug_frame   0x000022cc       0x2c c:/ac6/systemworkbench/plugins/fr.ac6.mcu.externaltools.arm-none.win32_1.3.0.201507241045/tools/compiler/bin/../lib/gcc/arm-none-eabi/4.9.3/../../../../arm-none-eabi/lib/armv7-m\libc.a(lib_a-init.o)
 .debug_frame   0x000022f8       0x34 c:/ac6/systemworkbench/plugins/fr.ac6.mcu.externaltools.arm-none.win32_1.3.0.201507241045/tools/compiler/bin/../lib/gcc/arm-none-eabi/4.9.3/../../../../arm-none-eabi/lib/armv7-m\libc.a(lib_a-memset.o)
 .debug_frame   0x0000232c       0x84 c:/ac6/systemworkbench/plugins/fr.ac6.mcu.externaltools.arm-none.win32_1.3.0.201507241045/tools/compiler/bin/../lib/gcc/arm-none-eabi/4.9.3/../../../../arm-none-eabi/lib/armv7-m\libc.a(lib_a-sprintf.o)
 .debug_frame   0x000023b0       0xd8 c:/ac6/systemworkbench/plugins/fr.ac6.mcu.externaltools.arm-none.win32_1.3.0.201507241045/tools/compiler/bin/../lib/gcc/arm-none-eabi/4.9.3/../../../../arm-none-eabi/lib/armv7-m\libc.a(lib_a-strstr.o)
 .debug_frame   0x00002488       0x40 c:/ac6/systemworkbench/plugins/fr.ac6.mcu.externaltools.arm-none.win32_1.3.0.201507241045/tools/compiler/bin/../lib/gcc/arm-none-eabi/4.9.3/../../../../arm-none-eabi/lib/armv7-m\libc.a(lib_a-svfprintf.o)
 .debug_frame   0x000024c8       0x50 c:/ac6/systemworkbench/plugins/fr.ac6.mcu.externaltools.arm-none.win32_1.3.0.201507241045/tools/compiler/bin/../lib/gcc/arm-none-eabi/4.9.3/../../../../arm-none-eabi/lib/armv7-m\libc.a(lib_a-__call_atexit.o)
 .debug_frame   0x00002518       0x20 c:/ac6/systemworkbench/plugins/fr.ac6.mcu.externaltools.arm-none.win32_1.3.0.201507241045/tools/compiler/bin/../lib/gcc/arm-none-eabi/4.9.3/../../../../arm-none-eabi/lib/armv7-m\libc.a(lib_a-atexit.o)
 .debug_frame   0x00002538       0x84 c:/ac6/systemworkbench/plugins/fr.ac6.mcu.externaltools.arm-none.win32_1.3.0.201507241045/tools/compiler/bin/../lib/gcc/arm-none-eabi/4.9.3/../../../../arm-none-eabi/lib/armv7-m\libc.a(lib_a-dtoa.o)
 .debug_frame   0x000025bc       0x34 c:/ac6/systemworkbench/plugins/fr.ac6.mcu.externaltools.arm-none.win32_1.3.0.201507241045/tools/compiler/bin/../lib/gcc/arm-none-eabi/4.9.3/../../../../arm-none-eabi/lib/armv7-m\libc.a(lib_a-fini.o)
 .debug_frame   0x000025f0       0x9c c:/ac6/systemworkbench/plugins/fr.ac6.mcu.externaltools.arm-none.win32_1.3.0.201507241045/tools/compiler/bin/../lib/gcc/arm-none-eabi/4.9.3/../../../../arm-none-eabi/lib/armv7-m\libc.a(lib_a-locale.o)
 .debug_frame   0x0000268c       0x54 c:/ac6/systemworkbench/plugins/fr.ac6.mcu.externaltools.arm-none.win32_1.3.0.201507241045/tools/compiler/bin/../lib/gcc/arm-none-eabi/4.9.3/../../../../arm-none-eabi/lib/armv7-m\libc.a(lib_a-mallocr.o)
 .debug_frame   0x000026e0       0x3c c:/ac6/systemworkbench/plugins/fr.ac6.mcu.externaltools.arm-none.win32_1.3.0.201507241045/tools/compiler/bin/../lib/gcc/arm-none-eabi/4.9.3/../../../../arm-none-eabi/lib/armv7-m\libc.a(lib_a-memchr.o)
 .debug_frame   0x0000271c       0x38 c:/ac6/systemworkbench/plugins/fr.ac6.mcu.externaltools.arm-none.win32_1.3.0.201507241045/tools/compiler/bin/../lib/gcc/arm-none-eabi/4.9.3/../../../../arm-none-eabi/lib/armv7-m\libc.a(lib_a-memcmp.o)
 .debug_frame   0x00002754       0x30 c:/ac6/systemworkbench/plugins/fr.ac6.mcu.externaltools.arm-none.win32_1.3.0.201507241045/tools/compiler/bin/../lib/gcc/arm-none-eabi/4.9.3/../../../../arm-none-eabi/lib/armv7-m\libc.a(lib_a-mlock.o)
 .debug_frame   0x00002784      0x268 c:/ac6/systemworkbench/plugins/fr.ac6.mcu.externaltools.arm-none.win32_1.3.0.201507241045/tools/compiler/bin/../lib/gcc/arm-none-eabi/4.9.3/../../../../arm-none-eabi/lib/armv7-m\libc.a(lib_a-mprec.o)
 .debug_frame   0x000029ec       0x34 c:/ac6/systemworkbench/plugins/fr.ac6.mcu.externaltools.arm-none.win32_1.3.0.201507241045/tools/compiler/bin/../lib/gcc/arm-none-eabi/4.9.3/../../../../arm-none-eabi/lib/armv7-m\libc.a(lib_a-s_fpclassify.o)
 .debug_frame   0x00002a20       0x2c c:/ac6/systemworkbench/plugins/fr.ac6.mcu.externaltools.arm-none.win32_1.3.0.201507241045/tools/compiler/bin/../lib/gcc/arm-none-eabi/4.9.3/../../../../arm-none-eabi/lib/armv7-m\libc.a(lib_a-sbrkr.o)
 .debug_frame   0x00002a4c       0x4c c:/ac6/systemworkbench/plugins/fr.ac6.mcu.externaltools.arm-none.win32_1.3.0.201507241045/tools/compiler/bin/../lib/gcc/arm-none-eabi/4.9.3/../../../../arm-none-eabi/lib/armv7-m\libc.a(lib_a-strchr.o)
 .debug_frame   0x00002a98       0x20 c:/ac6/systemworkbench/plugins/fr.ac6.mcu.externaltools.arm-none.win32_1.3.0.201507241045/tools/compiler/bin/../lib/gcc/arm-none-eabi/4.9.3/../../../../arm-none-eabi/lib/armv7-m\libc.a(lib_a-strlen.o)
 .debug_frame   0x00002ab8       0x78 c:/ac6/systemworkbench/plugins/fr.ac6.mcu.externaltools.arm-none.win32_1.3.0.201507241045/tools/compiler/bin/../lib/gcc/arm-none-eabi/4.9.3/../../../../arm-none-eabi/lib/armv7-m\libc.a(lib_a-svfiprintf.o)
 .debug_frame   0x00002b30       0x34 c:/ac6/systemworkbench/plugins/fr.ac6.mcu.externaltools.arm-none.win32_1.3.0.201507241045/tools/compiler/bin/../lib/gcc/arm-none-eabi/4.9.3/../../../../arm-none-eabi/lib/armv7-m\libc.a(lib_a-__atexit.o)
 .debug_frame   0x00002b64       0x28 c:/ac6/systemworkbench/plugins/fr.ac6.mcu.externaltools.arm-none.win32_1.3.0.201507241045/tools/compiler/bin/../lib/gcc/arm-none-eabi/4.9.3/../../../../arm-none-eabi/lib/armv7-m\libc.a(lib_a-callocr.o)
 .debug_frame   0x00002b8c       0x74 c:/ac6/systemworkbench/plugins/fr.ac6.mcu.externaltools.arm-none.win32_1.3.0.201507241045/tools/compiler/bin/../lib/gcc/arm-none-eabi/4.9.3/../../../../arm-none-eabi/lib/armv7-m\libc.a(lib_a-freer.o)
 .debug_frame   0x00002c00       0x30 c:/ac6/systemworkbench/plugins/fr.ac6.mcu.externaltools.arm-none.win32_1.3.0.201507241045/tools/compiler/bin/../lib/gcc/arm-none-eabi/4.9.3/../../../../arm-none-eabi/lib/armv7-m\libc.a(lib_a-memmove.o)
 .debug_frame   0x00002c30       0x58 c:/ac6/systemworkbench/plugins/fr.ac6.mcu.externaltools.arm-none.win32_1.3.0.201507241045/tools/compiler/bin/../lib/gcc/arm-none-eabi/4.9.3/../../../../arm-none-eabi/lib/armv7-m\libc.a(lib_a-reallocr.o)
 .debug_frame   0x00002c88       0x58 c:/ac6/systemworkbench/plugins/fr.ac6.mcu.externaltools.arm-none.win32_1.3.0.201507241045/tools/compiler/bin/../lib/gcc/arm-none-eabi/4.9.3/../../../../arm-none-eabi/lib/armv7-m\libc.a(lib_a-reent.o)
 .debug_frame   0x00002ce0       0x28 c:/ac6/systemworkbench/plugins/fr.ac6.mcu.externaltools.arm-none.win32_1.3.0.201507241045/tools/compiler/bin/../lib/gcc/arm-none-eabi/4.9.3/armv7-m\libgcc.a(_aeabi_uldivmod.o)
 .debug_frame   0x00002d08       0x54 c:/ac6/systemworkbench/plugins/fr.ac6.mcu.externaltools.arm-none.win32_1.3.0.201507241045/tools/compiler/bin/../lib/gcc/arm-none-eabi/4.9.3/armv7-m\libgcc.a(bpabi.o)
 .debug_frame   0x00002d5c       0x34 c:/ac6/systemworkbench/plugins/fr.ac6.mcu.externaltools.arm-none.win32_1.3.0.201507241045/tools/compiler/bin/../lib/gcc/arm-none-eabi/4.9.3/armv7-m\libgcc.a(_divdi3.o)
 .debug_frame   0x00002d90       0x34 c:/ac6/systemworkbench/plugins/fr.ac6.mcu.externaltools.arm-none.win32_1.3.0.201507241045/tools/compiler/bin/../lib/gcc/arm-none-eabi/4.9.3/armv7-m\libgcc.a(_udivdi3.o)
